// Jest Snapshot v1, https://goo.gl/fbAQLP

exports[`RecentCallList tests renders empty List without any errors 1`] = `
<DocumentFragment>
  <div
    class="ScrollableContent"
  >
    <div
      class="ui link items"
      data-testid="RecentCallList"
    />
  </div>
</DocumentFragment>
`;
