// Jest Snapshot v1, https://goo.gl/fbAQLP

exports[`ContactProfileModal tests renders the modal closed 1`] = `<DocumentFragment />`;
