// Jest Snapshot v1, https://goo.gl/fbAQLP

exports[`OnlineStatusBannerContainer test renders component with online status 1`] = `<DocumentFragment />`;
